{"level":"INFO","time":"2025-10-11 00:37:47.656","caller":"cmd/main.go:49","msg":"启动洗车店智能设备管理系统..."}
{"level":"INFO","time":"2025-10-11 00:37:47.657","caller":"cmd/main.go:50","msg":"配置加载成功: 环境=development, 店铺=智能洗车店一号店, 工位数量=2"}
{"level":"INFO","time":"2025-10-11 00:37:47.664","caller":"mqtt/client.go:63","msg":"成功连接到MQTT服务器: localhost:1883"}
{"level":"INFO","time":"2025-10-11 00:37:47.665","caller":"cmd/main.go:75","msg":"MQTT连接成功"}
{"level":"INFO","time":"2025-10-11 00:37:47.665","caller":"server/http.go:115","msg":"HTTP路由已设置，等待服务器初始化..."}
{"level":"INFO","time":"2025-10-11 00:37:47.665","caller":"cmd/main.go:109","msg":"所有服务启动成功，系统运行中..."}
{"level":"INFO","time":"2025-10-11 00:37:47.665","caller":"cmd/main.go:110","msg":"HTTP服务器地址: http://0.0.0.0:8080"}
{"level":"INFO","time":"2025-10-11 00:37:47.665","caller":"cmd/main.go:111","msg":"API端点列表:"}
{"level":"INFO","time":"2025-10-11 00:37:47.665","caller":"cmd/main.go:112","msg":"  GET  /health                           - 健康检查"}
{"level":"INFO","time":"2025-10-11 00:37:47.665","caller":"service/manager.go:31","msg":"开始启动服务..."}
{"level":"INFO","time":"2025-10-11 00:37:47.665","caller":"server/http.go:120","msg":"启动HTTP服务器: 0.0.0.0:8080"}
{"level":"INFO","time":"2025-10-11 00:37:47.665","caller":"server/http.go:128","msg":"HTTP服务器已启动: 0.0.0.0:8080"}
{"level":"INFO","time":"2025-10-11 00:37:47.665","caller":"cmd/main.go:113","msg":"  GET  /                                 - 系统信息"}
{"level":"INFO","time":"2025-10-11 00:37:47.665","caller":"cmd/main.go:114","msg":"  POST /api/plate/station/{station_id}  - 门禁推送接收"}
{"level":"INFO","time":"2025-10-11 00:37:47.665","caller":"cmd/main.go:115","msg":"  POST /api/device/heartbeat/{station_id} - 设备心跳"}
{"level":"INFO","time":"2025-10-11 00:37:47.665","caller":"cmd/main.go:116","msg":"  POST /api/device/gio/{station_id}     - 门禁状态推送"}
{"level":"INFO","time":"2025-10-11 00:37:47.665","caller":"cmd/main.go:117","msg":"  GET  /api/status                       - 系统状态"}
{"level":"INFO","time":"2025-10-11 00:37:47.665","caller":"cmd/main.go:118","msg":"  GET  /api/status/station/{station_id}  - 工位状态"}
{"level":"INFO","time":"2025-10-11 00:37:47.665","caller":"service/router.go:39","msg":"启动消息路由器..."}
{"level":"INFO","time":"2025-10-11 00:37:47.667","caller":"mqtt/client.go:89","msg":"成功订阅主题: shinecar/shop/001/station/+/command/#"}
{"level":"INFO","time":"2025-10-11 00:37:47.667","caller":"service/router.go:49","msg":"消息路由器启动成功"}
{"level":"INFO","time":"2025-10-11 00:37:47.667","caller":"service/manager.go:41","msg":"所有服务启动成功"}
{"level":"INFO","time":"2025-10-11 00:41:04.637","caller":"service/router.go:77","msg":"收到MQTT消息 - 主题: shinecar/shop/001/station/001/command, 内容: {\"type\":\"device\",\"command\":\"union_start\",\"shop_id\":\"001\",\"station_id\":\"001\",\"message_id\":\"f63211b6-06bd-42c8-8fc3-92a7a9f4f6ff\",\"timestamp\":1760114464}"}
{"level":"INFO","time":"2025-10-11 00:41:04.638","caller":"service/router.go:102","msg":"处理消息: MQTTMessage{Type: device, Command: union_start, ShopID: 001, StationID: 001}"}
{"level":"INFO","time":"2025-10-11 00:41:04.638","caller":"service/device.go:65","msg":"执行设备命令: union_start, 设备类型: union, 工位: 001, raw:&{BaseDeviceCommand:{DeviceType:union Command:union_start StationID:001 Data:map[]}}"}
{"level":"INFO","time":"2025-10-11 00:41:04.638","caller":"service/device.go:151","msg":"准备联动命令响应: union_start"}
{"level":"INFO","time":"2025-10-11 00:41:04.638","caller":"service/device.go:553","msg":"updatePlateDeviceStatus: 工位=001, 创建新状态"}
{"level":"INFO","time":"2025-10-11 00:41:04.638","caller":"service/device.go:563","msg":"门禁设备状态已创建: 工位=001, 在线=true"}
{"level":"INFO","time":"2025-10-11 00:41:04.638","caller":"service/device.go:318","msg":"执行开门指令: 工位=001"}
{"level":"INFO","time":"2025-10-11 00:41:04.638","caller":"service/device.go:464","msg":"设置门禁待处理响应: 工位=001 命令=map[Response_AlarmInfoPlate:map[ivs_ioctrl:map[delay:%!s(int=2000) io:%!s(int=0) value:%!s(int=2)]]]"}
{"level":"INFO","time":"2025-10-11 00:41:04.642","caller":"service/device.go:464","msg":"设置门禁待处理响应: 工位=001 命令=map[Response_AlarmInfoPlate:map[ivs_ioctrl:map[io:%!s(int=1) value:%!s(int=1)]]]"}
{"level":"INFO","time":"2025-10-11 00:41:04.727","caller":"ha/client.go:88","msg":"调用HomeAssistant服务: climate.turn_on, 实体: climate.xiaomi_m16_0c7c_air_conditioner, 数据: {\"entity_id\":\"climate.xiaomi_m16_0c7c_air_conditioner\"}"}
{"level":"INFO","time":"2025-10-11 00:41:04.803","caller":"ha/client.go:108","msg":"HomeAssistant服务调用成功: climate.turn_on resp: []"}
{"level":"INFO","time":"2025-10-11 00:41:04.803","caller":"service/router.go:139","msg":"设备命令执行成功: 命令=union_start, 设备=union, 工位=001"}
{"level":"INFO","time":"2025-10-11 00:41:18.600","caller":"cmd/main.go:126","msg":"收到退出信号..."}
{"level":"INFO","time":"2025-10-11 00:41:18.600","caller":"cmd/main.go:132","msg":"开始关闭系统..."}
{"level":"INFO","time":"2025-10-11 00:41:18.600","caller":"cmd/main.go:162","msg":"所有服务已停止"}
{"level":"INFO","time":"2025-10-11 00:41:18.600","caller":"cmd/main.go:167","msg":"洗车店智能设备管理系统已退出"}
{"level":"INFO","time":"2025-10-11 00:41:18.600","caller":"server/http.go:134","msg":"停止HTTP服务器..."}
{"level":"INFO","time":"2025-10-11 00:41:18.601","caller":"service/manager.go:47","msg":"开始停止服务..."}
{"level":"INFO","time":"2025-10-11 00:41:18.601","caller":"service/device.go:636","msg":"设备健康检查已停止"}
{"level":"INFO","time":"2025-10-11 00:41:18.601","caller":"server/http.go:145","msg":"HTTP服务器已停止"}
{"level":"INFO","time":"2025-10-11 00:41:18.601","caller":"service/router.go:55","msg":"停止消息路由器..."}
{"level":"INFO","time":"2025-10-11 00:41:18.601","caller":"service/manager.go:56","msg":"所有服务已停止"}
{"level":"INFO","time":"2025-10-11 00:41:18.601","caller":"mqtt/client.go:70","msg":"已断开MQTT连接"}
