{"level":"INFO","time":"2025-10-10 19:45:21.844","caller":"cmd/main.go:51","msg":"启动洗车店智能设备管理系统..."}
{"level":"INFO","time":"2025-10-10 19:45:21.844","caller":"cmd/main.go:52","msg":"配置加载成功: 环境=development, 店铺=智能洗车店一号店, 工位数量=2"}
{"level":"INFO","time":"2025-10-10 19:45:21.856","caller":"mqtt/client.go:63","msg":"成功连接到MQTT服务器: localhost:1883"}
{"level":"INFO","time":"2025-10-10 19:45:21.857","caller":"cmd/main.go:77","msg":"MQTT连接成功"}
{"level":"INFO","time":"2025-10-10 19:45:21.857","caller":"server/http.go:115","msg":"HTTP路由已设置，等待服务器初始化..."}
{"level":"INFO","time":"2025-10-10 19:45:21.857","caller":"cmd/main.go:111","msg":"所有服务启动成功，系统运行中..."}
{"level":"INFO","time":"2025-10-10 19:45:21.857","caller":"cmd/main.go:112","msg":"HTTP服务器地址: http://0.0.0.0:8080"}
{"level":"INFO","time":"2025-10-10 19:45:21.857","caller":"cmd/main.go:113","msg":"API端点列表:"}
{"level":"INFO","time":"2025-10-10 19:45:21.857","caller":"service/manager.go:31","msg":"开始启动服务..."}
{"level":"INFO","time":"2025-10-10 19:45:21.857","caller":"server/http.go:120","msg":"启动HTTP服务器: 0.0.0.0:8080"}
{"level":"INFO","time":"2025-10-10 19:45:21.857","caller":"service/router.go:39","msg":"启动消息路由器..."}
{"level":"INFO","time":"2025-10-10 19:45:21.857","caller":"cmd/main.go:114","msg":"  GET  /health                           - 健康检查"}
{"level":"INFO","time":"2025-10-10 19:45:21.857","caller":"server/http.go:128","msg":"HTTP服务器已启动: 0.0.0.0:8080"}
{"level":"INFO","time":"2025-10-10 19:45:21.857","caller":"cmd/main.go:115","msg":"  GET  /                                 - 系统信息"}
{"level":"INFO","time":"2025-10-10 19:45:21.857","caller":"cmd/main.go:116","msg":"  POST /api/plate/station/{station_id}  - 门禁推送接收"}
{"level":"INFO","time":"2025-10-10 19:45:21.857","caller":"cmd/main.go:117","msg":"  POST /api/device/heartbeat/{station_id} - 设备心跳"}
{"level":"INFO","time":"2025-10-10 19:45:21.858","caller":"cmd/main.go:118","msg":"  POST /api/device/gio/{station_id}     - 门禁状态推送"}
{"level":"INFO","time":"2025-10-10 19:45:21.858","caller":"cmd/main.go:119","msg":"  GET  /api/status                       - 系统状态"}
{"level":"INFO","time":"2025-10-10 19:45:21.858","caller":"cmd/main.go:120","msg":"  GET  /api/status/station/{station_id}  - 工位状态"}
{"level":"INFO","time":"2025-10-10 19:45:21.858","caller":"mqtt/client.go:89","msg":"成功订阅主题: shinecar/shop/001/station/+/command/#"}
{"level":"INFO","time":"2025-10-10 19:45:21.858","caller":"service/router.go:49","msg":"消息路由器启动成功"}
{"level":"INFO","time":"2025-10-10 19:45:21.858","caller":"service/manager.go:41","msg":"所有服务启动成功"}
{"level":"INFO","time":"2025-10-10 19:45:27.990","caller":"cmd/main.go:128","msg":"收到退出信号..."}
{"level":"INFO","time":"2025-10-10 19:45:27.990","caller":"cmd/main.go:134","msg":"开始关闭系统..."}
{"level":"INFO","time":"2025-10-10 19:45:27.990","caller":"cmd/main.go:164","msg":"所有服务已停止"}
{"level":"INFO","time":"2025-10-10 19:45:27.990","caller":"cmd/main.go:169","msg":"洗车店智能设备管理系统已退出"}
{"level":"INFO","time":"2025-10-10 19:45:27.990","caller":"server/http.go:134","msg":"停止HTTP服务器..."}
{"level":"INFO","time":"2025-10-10 19:45:27.990","caller":"service/device.go:636","msg":"设备健康检查已停止"}
{"level":"INFO","time":"2025-10-10 19:45:27.990","caller":"service/manager.go:47","msg":"开始停止服务..."}
{"level":"INFO","time":"2025-10-10 19:45:27.991","caller":"service/router.go:55","msg":"停止消息路由器..."}
{"level":"INFO","time":"2025-10-10 19:45:27.991","caller":"service/manager.go:56","msg":"所有服务已停止"}
{"level":"INFO","time":"2025-10-10 19:45:27.991","caller":"mqtt/client.go:70","msg":"已断开MQTT连接"}
{"level":"INFO","time":"2025-10-10 19:45:27.991","caller":"server/http.go:145","msg":"HTTP服务器已停止"}
